Last login: Fri Oct 10 22:02:45 on ttys106
/Users/alexpeirano/.zprofile:6: no such file or directory: /opt/homebrew/bin/brew
alexpeirano@macbook-air-de-alex-1 ~ % ls | grep buildozer

alexpeirano@macbook-air-de-alex-1 ~ % cd Desktop
alexpeirano@macbook-air-de-alex-1 Desktop % cd couad
alexpeirano@macbook-air-de-alex-1 couad % cd fil_rouge
alexpeirano@macbook-air-de-alex-1 fil_rouge % cd prototype
alexpeirano@macbook-air-de-alex-1 prototype % cd app
alexpeirano@macbook-air-de-alex-1 app % ls | grep buildozer                   

buildozer.spec
alexpeirano@macbook-air-de-alex-1 app % rm -rf .buildozer

alexpeirano@macbook-air-de-alex-1 app % buildozer -v android debug

Traceback (most recent call last):
  File "/Users/alexpeirano/.pyenv/versions/3.11.9/bin/buildozer", line 8, in <module>
    sys.exit(main())
             ^^^^^^
  File "/Users/alexpeirano/.pyenv/versions/3.11.9/lib/python3.11/site-packages/buildozer/scripts/client.py", line 13, in main
    Buildozer().run_command(sys.argv[1:])
    ^^^^^^^^^^^
  File "/Users/alexpeirano/.pyenv/versions/3.11.9/lib/python3.11/site-packages/buildozer/__init__.py", line 127, in __init__
    self.config.read(filename, "utf-8")
  File "/Users/alexpeirano/.pyenv/versions/3.11.9/lib/python3.11/configparser.py", line 713, in read
    self._read(fp, filename)
  File "/Users/alexpeirano/.pyenv/versions/3.11.9/lib/python3.11/configparser.py", line 1087, in _read
    raise DuplicateSectionError(sectname, fpname,
configparser.DuplicateSectionError: While reading from 'buildozer.spec' [line 388]: section 'buildozer' already exists
alexpeirano@macbook-air-de-alex-1 app % find ~ -name "buildozer.spec"

/Users/alexpeirano/Desktop/couad/fil_rouge/prototype/app/buildozer.spec
find: /Users/alexpeirano/Library/Application Support/CallHistoryTransactions: Operation not permitted
find: /Users/alexpeirano/Library/Application Support/CloudDocs: Operation not permitted
find: /Users/alexpeirano/Library/Application Support/com.apple.sharedfilelist: Operation not permitted
find: /Users/alexpeirano/Library/Application Support/Knowledge: Operation not permitted
find: /Users/alexpeirano/Library/Application Support/com.apple.TCC: Operation not permitted
find: /Users/alexpeirano/Library/Application Support/FileProvider: Operation not permitted
find: /Users/alexpeirano/Library/Application Support/AddressBook: Operation not permitted
find: /Users/alexpeirano/Library/Application Support/FaceTime: Operation not permitted
find: /Users/alexpeirano/Library/Application Support/DifferentialPrivacy: Operation not permitted
find: /Users/alexpeirano/Library/Application Support/com.apple.avfoundation/Frecents: Operation not permitted
find: /Users/alexpeirano/Library/Application Support/CallHistoryDB: Operation not permitted
find: /Users/alexpeirano/Library/Assistant/SiriVocabulary: Operation not permitted
find: /Users/alexpeirano/Library/Daemon Containers: Operation not permitted
find: /Users/alexpeirano/Library/Autosave Information: Operation not permitted
find: /Users/alexpeirano/Library/IdentityServices: Operation not permitted
find: /Users/alexpeirano/Library/Calendars: Operation not permitted
find: /Users/alexpeirano/Library/Messages: Operation not permitted
find: /Users/alexpeirano/Library/HomeKit: Operation not permitted
find: /Users/alexpeirano/Library/Sharing: Operation not permitted
find: /Users/alexpeirano/Library/com.apple.aiml.instrumentation: Operation not permitted
find: /Users/alexpeirano/Library/Mail: Operation not permitted
find: /Users/alexpeirano/Library/Trial: Operation not permitted
find: /Users/alexpeirano/Library/AppleMediaServices: Operation not permitted
find: /Users/alexpeirano/Library/DuetExpertCenter: Operation not permitted
find: /Users/alexpeirano/Library/Accounts: Operation not permitted
find: /Users/alexpeirano/Library/Safari: Operation not permitted
find: /Users/alexpeirano/Library/Biome: Operation not permitted
find: /Users/alexpeirano/Library/IntelligencePlatform: Operation not permitted
find: /Users/alexpeirano/Library/Shortcuts: Operation not permitted
find: /Users/alexpeirano/Library/Suggestions: Operation not permitted
find: /Users/alexpeirano/Library/Weather: Operation not permitted
find: /Users/alexpeirano/Library/Group Containers/group.com.apple.stocks-news: Operation not permitted
find: /Users/alexpeirano/Library/Group Containers/group.com.apple.photolibraryd.private: Operation not permitted
find: /Users/alexpeirano/Library/Group Containers/group.com.apple.feedback: Operation not permitted
find: /Users/alexpeirano/Library/Group Containers/group.com.apple.siri.inference: Operation not permitted
find: /Users/alexpeirano/Library/Group Containers/group.com.apple.swtransparency: Operation not permitted
find: /Users/alexpeirano/Library/Group Containers/group.com.apple.coreservices.useractivityd: Operation not permitted
find: /Users/alexpeirano/Library/Group Containers/group.com.apple.ArchiveUtility.PKSignedContainer: Operation not permitted
find: /Users/alexpeirano/Library/Group Containers/group.com.apple.accessibility.voicebanking: Operation not permitted
find: /Users/alexpeirano/Library/Group Containers/group.com.apple.siri.referenceResolution: Operation not permitted
find: /Users/alexpeirano/Library/Group Containers/group.com.apple.stocks: Operation not permitted
find: /Users/alexpeirano/Library/Group Containers/group.com.apple.usernoted: Operation not permitted
find: /Users/alexpeirano/Library/Group Containers/group.com.apple.VoiceMemos.shared: Operation not permitted
find: /Users/alexpeirano/Library/Group Containers/group.com.apple.secure-control-center-preferences: Operation not permitted
find: /Users/alexpeirano/Library/Group Containers/group.com.apple.chronod: Operation not permitted
find: /Users/alexpeirano/Library/Group Containers/com.apple.MailPersonaStorage: Operation not permitted
find: /Users/alexpeirano/Library/Group Containers/group.com.apple.private.translation: Operation not permitted
find: /Users/alexpeirano/Library/Group Containers/group.com.apple.appstoreagent: Operation not permitted
find: /Users/alexpeirano/Library/Group Containers/group.com.apple.portrait.BackgroundReplacement: Operation not permitted
find: /Users/alexpeirano/Library/Group Containers/group.com.apple.amsondevicestoraged: Operation not permitted
find: /Users/alexpeirano/Library/Group Containers/group.com.apple.SiriTTS: Operation not permitted
find: /Users/alexpeirano/Library/Group Containers/group.com.apple.notes.import: Operation not permitted
find: /Users/alexpeirano/Library/Group Containers/group.com.apple.calendar: Operation not permitted
find: /Users/alexpeirano/Library/Group Containers/group.com.apple.siri.userfeedbacklearning: Operation not permitted
find: /Users/alexpeirano/Library/Group Containers/group.com.apple.gamecenter: Operation not permitted
find: /Users/alexpeirano/Library/Group Containers/group.com.apple.tips: Operation not permitted
find: /Users/alexpeirano/Library/Group Containers/group.com.apple.tv.sharedcontainer: Operation not permitted
find: /Users/alexpeirano/Library/Group Containers/group.com.apple.spotlight: Operation not permitted
find: /Users/alexpeirano/Library/Group Containers/group.com.apple.studentd: Operation not permitted
find: /Users/alexpeirano/Library/Group Containers/group.com.apple.ManagedSettings: Operation not permitted
find: /Users/alexpeirano/Library/Group Containers/group.com.apple.sharingd: Operation not permitted
find: /Users/alexpeirano/Library/Group Containers/group.com.apple.printtool: Operation not permitted
find: /Users/alexpeirano/Library/Group Containers/group.com.apple.news: Operation not permitted
find: /Users/alexpeirano/Library/Group Containers/group.com.apple.scopedbookmarkagent: Operation not permitted
find: /Users/alexpeirano/Library/Group Containers/group.com.apple.weather: Operation not permitted
find: /Users/alexpeirano/Library/Group Containers/com.apple.systempreferences.cache: Operation not permitted
find: /Users/alexpeirano/Library/Group Containers/group.com.apple.feedbacklogger: Operation not permitted
find: /Users/alexpeirano/Library/Group Containers/group.com.apple.siri.remembers: Operation not permitted
find: /Users/alexpeirano/Library/Group Containers/group.com.apple.notes: Operation not permitted
find: /Users/alexpeirano/Library/Group Containers/com.apple.stickersd.group: Operation not permitted
find: /Users/alexpeirano/Library/Group Containers/group.com.apple.UserNotifications: Operation not permitted
find: /Users/alexpeirano/Library/Group Containers/group.com.apple.tipsnext: Operation not permitted
find: /Users/alexpeirano/Library/Group Containers/group.com.apple.Safari.SandboxBroker: Operation not permitted
find: /Users/alexpeirano/Library/Group Containers/group.com.apple.transparency: Operation not permitted
find: /Users/alexpeirano/Library/Group Containers/group.com.apple.reminders: Operation not permitted
find: /Users/alexpeirano/Library/Group Containers/group.com.apple.mail: Operation not permitted
find: /Users/alexpeirano/Library/Group Containers/com.apple.bird: Operation not permitted
find: /Users/alexpeirano/Library/Group Containers/group.com.apple.DeviceActivity: Operation not permitted
find: /Users/alexpeirano/Library/Group Containers/com.apple.Home.group: Operation not permitted
find: /Users/alexpeirano/Library/Group Containers/group.com.apple.iCloudDrive: Operation not permitted
find: /Users/alexpeirano/Library/Group Containers/group.com.apple.energykit: Operation not permitted
find: /Users/alexpeirano/Library/Group Containers/com.apple.PreviewLegacySignaturesConversion: Operation not permitted
find: /Users/alexpeirano/Library/Group Containers/group.com.apple.notesdebug: Operation not permitted
find: /Users/alexpeirano/Library/Group Containers/group.com.apple.replicatord: Operation not permitted
find: /Users/alexpeirano/Library/Group Containers/group.com.apple.AppleSpell: Operation not permitted
find: /Users/alexpeirano/Library/Group Containers/group.com.apple.mlhost: Operation not permitted
find: /Users/alexpeirano/Library/Group Containers/group.com.apple.PegasusConfiguration: Operation not permitted
find: /Users/alexpeirano/Library/Group Containers/group.com.apple.shortcuts: Operation not permitted
find: /Users/alexpeirano/Library/Containers/com.apple.VoiceMemos: Operation not permitted
find: /Users/alexpeirano/Library/Containers/com.apple.archiveutility: Operation not permitted
find: /Users/alexpeirano/Library/Containers/com.apple.Maps/Data/Maps: Operation not permitted
find: /Users/alexpeirano/Library/Containers/com.apple.Home: Operation not permitted
find: /Users/alexpeirano/Library/Containers/com.apple.Safari: Operation not permitted
find: /Users/alexpeirano/Library/Containers/com.apple.mail: Operation not permitted
find: /Users/alexpeirano/Library/Containers/com.apple.MobileSMS: Operation not permitted
find: /Users/alexpeirano/Library/Containers/com.apple.Notes: Operation not permitted
find: /Users/alexpeirano/Library/Containers/com.apple.corerecents.recentsd/Data/Library/Recents: Operation not permitted
find: /Users/alexpeirano/Library/Containers/com.apple.stocks: Operation not permitted
find: /Users/alexpeirano/Library/Containers/com.apple.Safari.WebApp: Operation not permitted
find: /Users/alexpeirano/Library/ContainerManager: Operation not permitted
find: /Users/alexpeirano/Library/PersonalizationPortrait: Operation not permitted
find: /Users/alexpeirano/Library/Metadata/CoreSpotlight: Operation not permitted
find: /Users/alexpeirano/Library/Metadata/com.apple.IntelligentSuggestions: Operation not permitted
find: /Users/alexpeirano/Library/Cookies: Operation not permitted
find: /Users/alexpeirano/Library/CoreFollowUp: Operation not permitted
find: /Users/alexpeirano/Library/StatusKit: Operation not permitted
find: /Users/alexpeirano/Library/DoNotDisturb: Operation not permitted
find: /Users/alexpeirano/Library/Caches/com.apple.HomeKit: Operation not permitted
find: /Users/alexpeirano/Library/Caches/CloudKit: Operation not permitted
find: /Users/alexpeirano/Library/Caches/com.apple.Safari: Operation not permitted
find: /Users/alexpeirano/Library/Caches/com.apple.containermanagerd: Operation not permitted
find: /Users/alexpeirano/Library/Caches/FamilyCircle: Operation not permitted
find: /Users/alexpeirano/Library/Caches/com.apple.homed: Operation not permitted
find: /Users/alexpeirano/Library/Caches/com.apple.ap.adprivacyd: Operation not permitted
find: /Users/alexpeirano/.Trash: Operation not permitted
alexpeirano@macbook-air-de-alex-1 app % wc -l buildozer.spec

     438 buildozer.spec
alexpeirano@macbook-air-de-alex-1 app % rm buildozer.spec

alexpeirano@macbook-air-de-alex-1 app % nano buildozer.spec


  UW PICO 5.09                  File: buildozer.spec                  Modified  

[app]
title = Maker Lens
package.name = makerlens
package.domain = org.imt
source.dir = .
source.include_exts = py,png,jpg,kv,atlas
orientation = portrait
fullscreen = 0
icon.filename = logo.png
android.permissions = INTERNET
requirements = python3,kivy
version = 0.1

[buildozer]
log_level = 2
warn_on_root = 1




^G Get Help  ^O WriteOut  ^R Read File ^Y Prev Pg   ^K Cut Text  ^C Cur Pos   
^X Exit      ^J Justify   ^W Where is  ^V Next Pg   ^U UnCut Text^T To Spell  
